- *-arab-*
+ aspell-en*
- aspell-??-*
- aspell-??_??-*
- ami-*
- app-defaults-*
- autoconvert-*
- bayonne-French*-
- bg5ps-*
- *-catalan-*
- *-castellano-*
+ cdrom.img
+ cdrom.rdz
- *-chinese-*
- *-chinese_*
- *_chinese-*
- *-portuguese-*
- *-croatian-*
- cttex-*
- Chinput-*
- CJK-*
- *czech*
- *-danish-*
+ doc/install/images/LMDK-en*
+ doc/install/LANGUAGES/*
- doc/install/*/*
- doc/install/*
- *-dutch-*
+ *-en-*
+ *-en_*
- *-ar-*
- *-ca-*
- *-cs-*
- *-da-*
- *-de-*
- *-el-*
- *-es-*
- *-fi-*
- *-fr-*
- *-it-*-
- *-ja-*
- *-ko-*
- *-it-*
- *-ja-*
- *-ko-*
- *-nl-*
- *-pl-*
- *-pt-*
- *-ru-*
- *-sk-*
- *-sv-*
- *-tr-*
- *-zh-CN-*
- *-zh_CN-*
- *-zh-TW-*
- *-zh_TW-*
+ dictd-dict*-???-eng-*
+ dictd-dict*-eng-???-*
- dictd-dict*-???-???-*
+ dictd-dict*-world95-*
+ dictd-dict*-wn-*
+ dictd-dict*-web1913-*
+ dictd-dict*-vera *
+ dictd-dict*-jargon-*
+ dictd-dict*-hitchcock-*
+ dictd-dict*-gazetteer-*
+ dictd-dict*-foldoc-*
+ dictd-dict*-elements-*
+ dictd-dict*-easton-*
+ dictd-dict*-devils-*
- *-euskara-*
- fonts-hebrew-*
+ fonts-ttf-decoratives-*
+ fonts-ttf-west_european-*
+ fonts-ttf-dustismo-*
+ fonts-ttf-freefont-*
- fonts-ttf-*
+ fonts-type1-mathml-cm-*
- fonts-type1-*
- *-estonian-*
- *-finnish-*
- *-francais-*
- *-french-*
- *-French*
- FreeWnn-*
- *-french-*
- *-portuguese-*
- *-galician-*
- gcc-fr-*
- *-german-*
- *-greek-*
- hackkernel-source-*
- hackkernel-smp-*
- *-heb-*
+ howto-html-en-*
- howto-html-??-*
+ howto-sgml-en-*
- howto-sgml-??-*
+ howto-ps-en-*
- howto-ps-??-*
+ howto-text-en-*
- howto-text-??-*
+ hd.img
+ hd.rdz
+ *-html-en-*
- *-html-??-*
- *-hungarian-*
- *i486*
- *-icelandic-*
- *-indonesian-*
+ */install/uk_cp1251/
- */install/??/
- */install/??_??/
+ ispell-en-*
- ispell-??-*
- ispell-??_??-*
- *-italian-*
- jmcee-*
- jbigkit-*
- kakasi-*
*-portuguese-*
- kde-i18n-*
- kinput2-wnn4
- koffice-i18n-*
- kon2-*
- *-korean-*
- *-latvian-*
- linuxconf-lang-??-*
- libtabe*
- locale/
+ locales-?.?-*
+ locales-?.?.?-*
+ locales-?.?.?.?-*
+ locales-en-*
- locales*
- *-portuguese-*
- lost+found
- ls-lR
- *macedonian*
+ mandrake_doc-en-*
- mandrake_doc-??-*
- Mandrake/mdkinst/usr/share/locale/
- Mandrake/mdkinst/usr/share/locale_special/
- *MandrakeSecurity-*
- *-malay-*
+ myspell-en_US-*
- myspell-*
- naat-frontend-www-de-*
- naat-frontend-www-fr-*
- man-pages-??-*
- *-walon-*
- *-spanish-*
- *-japanese-*
- *-norwegian-*
+ **/perl-install/
- **/perl-install/po/??_??.po
- **/po/??.po
- *-polish-*
- *-portuguese-*
- *-portuguese_brazil-*
- *-Prosuite-*
- psi-lang-*
- pyDict-*
+ RPMS2/
- *-romanian-*
- rxvt-CJK-*
- *-russian-*
- *-serbian-*
- *-slovak-*
- *-slovene-*
- snf-de*
- snf-fr*
- *-spanish-*
- *-swedish-*
- taipei*
- tetex-latex-arab-*
- tetex-latex-heb-*
- *-turkish-*
- *-ukrainian-*
- *_ukrainian_*
- unicon-*
- utf-converter-*
- xa+cv*
- xcin-*
- xvnkb-*
- XFree86-cyrillic-fonts-*
- zh-autoconvert-*
- zhcon-*
